// Vitest Snapshot v1, https://vitest.dev/guide/snapshot.html

exports[`reviewQueueArgs > asks both searches in one GraphQL call 1`] = `
[
  "api",
  "graphql",
  "-f",
  "query=
query {
  reviewRequests: search(type: ISSUE, first: 50, query: "is:pr is:open review-requested:@me") {
  issueCount
  nodes {
    ... on PullRequest {
      number
      title
      url
      isDraft
      createdAt
      updatedAt
      author { login }
      repository { nameWithOwner }
      headRefName
      reviewDecision
      commits(last: 1) { nodes { commit { statusCheckRollup { state } } } }
    }
  }
}
  myPrs: search(type: ISSUE, first: 50, query: "is:pr is:open author:@me") {
  issueCount
  nodes {
    ... on PullRequest {
      number
      title
      url
      isDraft
      createdAt
      updatedAt
      author { login }
      repository { nameWithOwner }
      headRefName
      reviewDecision
      commits(last: 1) { nodes { commit { statusCheckRollup { state } } } }
    }
  }
}
}
",
]
`;
